Hello developer..!!

a@Diu MINGW64 ~/Desktop/new
$ git init
Initialized empty Git repository in C:/Users/a/Desktop/new/.git/

a@Diu MINGW64 ~/Desktop/new (master)
$ git clone https://github.com/Divya1613621/its_repo.git
Cloning into 'its_repo'...
remote: Enumerating objects: 8, done.
remote: Counting objects: 100% (8/8), done.
remote: Compressing objects: 100% (4/4), done.
remote: Total 8 (delta 0), reused 5 (delta 0), pack-reused 0 (from 0)
Receiving objects: 100% (8/8), done.

a@Diu MINGW64 ~/Desktop/new (master)
$ git add a.txt

a@Diu MINGW64 ~/Desktop/new (master)
$ git commit -m "hello"
[master (root-commit) d83baa4] hello
 1 file changed, 0 insertions(+), 0 deletions(-)
 create mode 100644 a.txt

a@Diu MINGW64 ~/Desktop/new (master)
$ git push -u origin main
error: src refspec main does not match any
error: failed to push some refs to 'origin'

a@Diu MINGW64 ~/Desktop/new (master)
$ git remote add origin https://github.com/Divya1613621/its_repo.git

a@Diu MINGW64 ~/Desktop/new (master)
$ git push -u origin main
error: src refspec main does not match any
error: failed to push some refs to 'https://github.com/Divya1613621/its_repo.git'

a@Diu MINGW64 ~/Desktop/new (master)
$ git pull origin main --rebase
remote: Enumerating objects: 8, done.
remote: Counting objects: 100% (8/8), done.
remote: Compressing objects: 100% (4/4), done.
remote: Total 8 (delta 0), reused 5 (delta 0), pack-reused 0 (from 0)
Unpacking objects: 100% (8/8), 1.29 KiB | 22.00 KiB/s, done.
From https://github.com/Divya1613621/its_repo
 * branch            main       -> FETCH_HEAD
 * [new branch]      main       -> origin/main
Successfully rebased and updated refs/heads/master.

a@Diu MINGW64 ~/Desktop/new (master)
$ git push -u origin main
error: src refspec main does not match any
error: failed to push some refs to 'https://github.com/Divya1613621/its_repo.git'

a@Diu MINGW64 ~/Desktop/new (master)
$ git branch -M main

a@Diu MINGW64 ~/Desktop/new (main)
$ git push -u origin main
Enumerating objects: 3, done.
Counting objects: 100% (3/3), done.
Delta compression using up to 4 threads
Compressing objects: 100% (2/2), done.
Writing objects: 100% (2/2), 231 bytes | 231.00 KiB/s, done.
Total 2 (delta 1), reused 0 (delta 0), pack-reused 0 (from 0)
remote: Resolving deltas: 100% (1/1), completed with 1 local object.
To https://github.com/Divya1613621/its_repo.git
   dc532bf..c3eb2a1  main -> main
branch 'main' set up to track 'origin/main'.

a@Diu MINGW64 ~/Desktop/new (main)
$

